// Vitest Snapshot v1, https://vitest.dev/guide/snapshot.html

exports[`CustomSearchBar > should render with default values 1`] = `
<div>
  <div
    class="search-container"
  >
    <input
      placeholder="hola mundo"
      type="text"
      value=""
    />
    <button>
      Buscar
    </button>
  </div>
</div>
`;
